First swallow:
This swallow is called Brian
Second swallow:
This swallow is flying at 42 furlongs per fortnight
Third swallow:
This swallow is carrying 3 coconuts
