This is a module docstring.
This is a function docstring.
This is a class docstring.
This is an extension type docstring.
