No. of dimensions: 2
  Dim Value
    0     2
    1     3
flags: 15
Type no. 7
Element size: 4
