Imported spam
['__builtins__', '__doc__', '__file__', '__name__', 'tons']
Imported sys
<module 'sys' (built-in)>
