Args: ()
Args: (42,)
Args: ('one', 2, 'buckle my shoe')
