Exception: Too many eels in hovercraft
Traceback type: <type 'traceback'>
