This dish contains 42 tons of spam.
This dish contains 88 tons of spam and 5 milligrams of lettuce.
