Parrot:
This is a parrot.
Polly wants a cracker!
Norwegian:
This is a parrot.
This parrot is resting.
Lovely plumage!
