This parrot is resting.
This parrot is resting.
Lovely plumage!
