Grail called with: spam 42 ['tomato', 'sandwich']
