NotImplementedError
(<type 'exceptions.NotImplementedError'>, NotImplementedError(), instance of <type 'traceback'>)
