Imported spam
tons
Imported sys
<module 'sys' (built-in)>
