TypeError: function takes exactly 3 arguments (0 given)
