3.141592653589793116
3.141592741012573242
3.141592653589793116
