zero
one
two
three
Zero
one
Two
three
Zero
ONE
Two
THREE
