42
1.5
88
37
readonly attribute
'r_extmember.Spam' object has no attribute 'temperature'
