This bird has lovely yellow plumage.
This bird has lovely blue plumage.
