The animal's name is Boris
Bang!
The animal is now None
