We don't have: []
We don't have: ['camembert']
We don't have: ['camembert', 'cheddar']
We don't have: []
