Entering snack
Entering tomato
Eject! Eject! Eject!
Entering lunch
Entering sandwich
Entering tomato
Leaving lunch
