Calling c(1, 2)
Caught: <type 'exceptions.TypeError'>

Calling c(1, 2, 3)
a = 1 b = 2 c = 3
Okay

Calling c(1, 2, 3, 4)
Caught: <type 'exceptions.TypeError'>

--------------------

Calling d(1)
Caught: <type 'exceptions.TypeError'>

Calling d(1, 2)
a = 1 b = 2 c = 88
Okay

Calling d(1, 2, 3)
Caught: <type 'exceptions.TypeError'>

Calling d(1, 2, c = 3)
a = 1 b = 2 c = 3
Okay

--------------------

Calling e(1)
Caught: <type 'exceptions.TypeError'>

Calling e(1, 2)
a = 1 b = 2 c = 88 kwds = {}
Okay

Calling e(1, 2, 3)
a = 1 b = 2 c = 3 kwds = {}
Okay

Calling e(1, 2, 3, 4)
Caught: <type 'exceptions.TypeError'>

Calling e(1, b = 2, c = 3)
a = 1 b = 2 c = 3 kwds = {}
Okay

Calling e(1, b = 2, c = 3, d = 4)
a = 1 b = 2 c = 3 kwds = {'d': 4}
Okay

Calling e(1, b = 2, c = 3, d = 4, e = 5)
a = 1 b = 2 c = 3 kwds = {'d': 4, 'e': 5}
Okay

--------------------

Calling f(1)
Caught: <type 'exceptions.TypeError'>

Calling f(1, 2)
Caught: <type 'exceptions.TypeError'>

Calling f(1, 2, 3)
Caught: <type 'exceptions.TypeError'>

Calling f(1, 2, c = 3)
a = 1 b = 2 c = 3 d = 42
Okay

Calling f(1, 2, c = 3, d = 4)
a = 1 b = 2 c = 3 d = 4
Okay

Calling f(1, 2, c = 3, d = 4, e = 5)
Caught: <type 'exceptions.TypeError'>

--------------------

Calling g(1, 2)
Caught: <type 'exceptions.TypeError'>

Calling g(1, 2, 3)
Caught: <type 'exceptions.TypeError'>

Calling g(1, 2, c = 3)
Caught: <type 'exceptions.TypeError'>

Calling g(1, 2, c = 3, f = 4)
a = 1 b = 2 c = 3 d = 42 e = 17 f = 4 kwds = {}
Okay

Calling g(1, 2, c = 3, d = 4, e = 5, f = 6)
a = 1 b = 2 c = 3 d = 4 e = 5 f = 6 kwds = {}
Okay

Calling g(1, 2, c = 3, f = 4, g = 5, h = 6)
a = 1 b = 2 c = 3 d = 42 e = 17 f = 4 kwds = {'g': 5, 'h': 6}
Okay

--------------------

Calling h(1, 2)
Caught: <type 'exceptions.TypeError'>

Calling h(1, 2, c = 3)
Caught: <type 'exceptions.TypeError'>

Calling h(1, 2, c = 3, f = 4)
a = 1 b = 2 args = () c = 3 d = 42 e = 17 f = 4 kwds = {}
Okay

Calling h(1, 2, 3, 4, c = 5, f = 6)
a = 1 b = 2 args = (3, 4) c = 5 d = 42 e = 17 f = 6 kwds = {}
Okay

Calling h(1, 2, c = 3, d = 4, e = 5, f = 6)
a = 1 b = 2 args = () c = 3 d = 4 e = 5 f = 6 kwds = {}
Okay

Calling h(1, 2, c = 3, f = 4, g = 5, h = 6)
a = 1 b = 2 args = () c = 3 d = 42 e = 17 f = 4 kwds = {'g': 5, 'h': 6}
Okay

