1
2
3
unpack sequence of wrong size
unpack sequence of wrong size
